*** Start analyzing build configuration ***
Auto-config - Scanning: D:\workSpace\uvm_space\uvm_questa
Auto-config - VLOG: D:\workSpace\uvm_space\uvm_questa
Auto-config - Wrote:
    D:\workSpace\uvm_space\uvm_questa\.dvt\default.build.auto.1
*** List of included argument files ***
    Build configuration file:  D:\workSpace\uvm_space\uvm_questa\.dvt\default.build
    -f D:\workSpace\uvm_space\uvm_questa\.dvt\default.build.auto.1
*** List of invocations ***
Invocation #1 +dvt_init+dvt in D:\workSpace\uvm_space\uvm_questa\.dvt\default.build.auto.1 at line 9
*** Warning: BUILD_CONFIG: $UVM_HOME environment variable not set, falling back to $DVT_UVM_HOME
    at line 11 in D:\workSpace\uvm_space\uvm_questa\.dvt\default.build.auto.1
*** Done analyzing build configuration [18 ms] ***

*** Start SystemVerilog build ***
*** Invocation #1***
Loading (1) D:\EDA\dvt_eclipse\predefined_projects\libs\uvm-1.2\src\uvm_pkg.sv ...
Loading (2) D:\EDA\dvt_eclipse\predefined_projects\libs\uvm-1.2\src\uvm_macros.svh ...
Loading (3) D:\EDA\dvt_eclipse\predefined_projects\libs\uvm-1.2\src\macros\uvm_version_defines.svh ...
Done D:\EDA\dvt_eclipse\predefined_projects\libs\uvm-1.2\src\macros\uvm_version_defines.svh [0 ms, 151 lines, SystemVerilog_2012] ...
Loading (4) D:\EDA\dvt_eclipse\predefined_projects\libs\uvm-1.2\src\macros\uvm_global_defines.svh ...
Done D:\EDA\dvt_eclipse\predefined_projects\libs\uvm-1.2\src\macros\uvm_global_defines.svh [0 ms, 61 lines, SystemVerilog_2012] ...
Loading (5) D:\EDA\dvt_eclipse\predefined_projects\libs\uvm-1.2\src\macros\uvm_message_defines.svh ...
Done D:\EDA\dvt_eclipse\predefined_projects\libs\uvm-1.2\src\macros\uvm_message_defines.svh [0 ms, 539 lines, SystemVerilog_2012] ...
Loading (6) D:\EDA\dvt_eclipse\predefined_projects\libs\uvm-1.2\src\macros\uvm_phase_defines.svh ...
Done D:\EDA\dvt_eclipse\predefined_projects\libs\uvm-1.2\src\macros\uvm_phase_defines.svh [0 ms, 130 lines, SystemVerilog_2012] ...
Loading (7) D:\EDA\dvt_eclipse\predefined_projects\libs\uvm-1.2\src\macros\uvm_object_defines.svh ...
Done D:\EDA\dvt_eclipse\predefined_projects\libs\uvm-1.2\src\macros\uvm_object_defines.svh [0 ms, 3815 lines, SystemVerilog_2012] ...
Loading (8) D:\EDA\dvt_eclipse\predefined_projects\libs\uvm-1.2\src\macros\uvm_printer_defines.svh ...
Done D:\EDA\dvt_eclipse\predefined_projects\libs\uvm-1.2\src\macros\uvm_printer_defines.svh [0 ms, 423 lines, SystemVerilog_2012] ...
Loading (9) D:\EDA\dvt_eclipse\predefined_projects\libs\uvm-1.2\src\macros\uvm_tlm_defines.svh ...
Loading (10) D:\EDA\dvt_eclipse\predefined_projects\libs\uvm-1.2\src\tlm1\uvm_tlm_imps.svh ...
Done D:\EDA\dvt_eclipse\predefined_projects\libs\uvm-1.2\src\tlm1\uvm_tlm_imps.svh [0 ms, 229 lines, SystemVerilog_2012] ...
Done D:\EDA\dvt_eclipse\predefined_projects\libs\uvm-1.2\src\macros\uvm_tlm_defines.svh [0 ms, 617 lines, SystemVerilog_2012] ...
Loading (11) D:\EDA\dvt_eclipse\predefined_projects\libs\uvm-1.2\src\macros\uvm_sequence_defines.svh ...
Done D:\EDA\dvt_eclipse\predefined_projects\libs\uvm-1.2\src\macros\uvm_sequence_defines.svh [0 ms, 456 lines, SystemVerilog_2012] ...
Loading (12) D:\EDA\dvt_eclipse\predefined_projects\libs\uvm-1.2\src\macros\uvm_callback_defines.svh ...
Done D:\EDA\dvt_eclipse\predefined_projects\libs\uvm-1.2\src\macros\uvm_callback_defines.svh [0 ms, 301 lines, SystemVerilog_2012] ...
Loading (13) D:\EDA\dvt_eclipse\predefined_projects\libs\uvm-1.2\src\macros\uvm_reg_defines.svh ...
Done D:\EDA\dvt_eclipse\predefined_projects\libs\uvm-1.2\src\macros\uvm_reg_defines.svh [0 ms, 69 lines, SystemVerilog_2012] ...
Loading (14) D:\EDA\dvt_eclipse\predefined_projects\libs\uvm-1.2\src\macros\uvm_deprecated_defines.svh ...
Done D:\EDA\dvt_eclipse\predefined_projects\libs\uvm-1.2\src\macros\uvm_deprecated_defines.svh [0 ms, 252 lines, SystemVerilog_2012] ...
Done D:\EDA\dvt_eclipse\predefined_projects\libs\uvm-1.2\src\uvm_macros.svh [2 ms, 82 lines, SystemVerilog_2012] ...
Loading (15) D:\EDA\dvt_eclipse\predefined_projects\libs\uvm-1.2\src\dpi\uvm_dpi.svh ...
Loading (16) D:\EDA\dvt_eclipse\predefined_projects\libs\uvm-1.2\src\dpi\uvm_hdl.svh ...
Done D:\EDA\dvt_eclipse\predefined_projects\libs\uvm-1.2\src\dpi\uvm_hdl.svh [0 ms, 164 lines, SystemVerilog_2012] ...
Loading (17) D:\EDA\dvt_eclipse\predefined_projects\libs\uvm-1.2\src\dpi\uvm_svcmd_dpi.svh ...
Done D:\EDA\dvt_eclipse\predefined_projects\libs\uvm-1.2\src\dpi\uvm_svcmd_dpi.svh [0 ms, 66 lines, SystemVerilog_2012] ...
Loading (18) D:\EDA\dvt_eclipse\predefined_projects\libs\uvm-1.2\src\dpi\uvm_regex.svh ...
Done D:\EDA\dvt_eclipse\predefined_projects\libs\uvm-1.2\src\dpi\uvm_regex.svh [0 ms, 89 lines, SystemVerilog_2012] ...
Done D:\EDA\dvt_eclipse\predefined_projects\libs\uvm-1.2\src\dpi\uvm_dpi.svh [0 ms, 44 lines, SystemVerilog_2012] ...
Loading (19) D:\EDA\dvt_eclipse\predefined_projects\libs\uvm-1.2\src\base\uvm_base.svh ...
Loading (20) D:\EDA\dvt_eclipse\predefined_projects\libs\uvm-1.2\src\base\uvm_coreservice.svh ...
Done D:\EDA\dvt_eclipse\predefined_projects\libs\uvm-1.2\src\base\uvm_coreservice.svh [0 ms, 224 lines, SystemVerilog_2012] ...
Loading (21) D:\EDA\dvt_eclipse\predefined_projects\libs\uvm-1.2\src\base\uvm_version.svh ...
Done D:\EDA\dvt_eclipse\predefined_projects\libs\uvm-1.2\src\base\uvm_version.svh [1 ms, 39 lines, SystemVerilog_2012] ...
Loading (22) D:\EDA\dvt_eclipse\predefined_projects\libs\uvm-1.2\src\base\uvm_object_globals.svh ...
Done D:\EDA\dvt_eclipse\predefined_projects\libs\uvm-1.2\src\base\uvm_object_globals.svh [0 ms, 658 lines, SystemVerilog_2012] ...
Loading (23) D:\EDA\dvt_eclipse\predefined_projects\libs\uvm-1.2\src\base\uvm_misc.svh ...
Done D:\EDA\dvt_eclipse\predefined_projects\libs\uvm-1.2\src\base\uvm_misc.svh [3 ms, 754 lines, SystemVerilog_2012] ...
Loading (24) D:\EDA\dvt_eclipse\predefined_projects\libs\uvm-1.2\src\base\uvm_object.svh ...
Done D:\EDA\dvt_eclipse\predefined_projects\libs\uvm-1.2\src\base\uvm_object.svh [2 ms, 1331 lines, SystemVerilog_2012] ...
Loading (25) D:\EDA\dvt_eclipse\predefined_projects\libs\uvm-1.2\src\base\uvm_pool.svh ...
Done D:\EDA\dvt_eclipse\predefined_projects\libs\uvm-1.2\src\base\uvm_pool.svh [1 ms, 348 lines, SystemVerilog_2012] ...
Loading (26) D:\EDA\dvt_eclipse\predefined_projects\libs\uvm-1.2\src\base\uvm_queue.svh ...
Done D:\EDA\dvt_eclipse\predefined_projects\libs\uvm-1.2\src\base\uvm_queue.svh [0 ms, 204 lines, SystemVerilog_2012] ...
Loading (27) D:\EDA\dvt_eclipse\predefined_projects\libs\uvm-1.2\src\base\uvm_factory.svh ...
Done D:\EDA\dvt_eclipse\predefined_projects\libs\uvm-1.2\src\base\uvm_factory.svh [4 ms, 1790 lines, SystemVerilog_2012] ...
Loading (28) D:\EDA\dvt_eclipse\predefined_projects\libs\uvm-1.2\src\base\uvm_registry.svh ...
Done D:\EDA\dvt_eclipse\predefined_projects\libs\uvm-1.2\src\base\uvm_registry.svh [0 ms, 381 lines, SystemVerilog_2012] ...
Loading (29) D:\EDA\dvt_eclipse\predefined_projects\libs\uvm-1.2\src\base\uvm_spell_chkr.svh ...
Done D:\EDA\dvt_eclipse\predefined_projects\libs\uvm-1.2\src\base\uvm_spell_chkr.svh [1 ms, 204 lines, SystemVerilog_2012] ...
Loading (30) D:\EDA\dvt_eclipse\predefined_projects\libs\uvm-1.2\src\base\uvm_resource.svh ...
Done D:\EDA\dvt_eclipse\predefined_projects\libs\uvm-1.2\src\base\uvm_resource.svh [3 ms, 1695 lines, SystemVerilog_2012] ...
Loading (31) D:\EDA\dvt_eclipse\predefined_projects\libs\uvm-1.2\src\base\uvm_resource_specializations.svh ...
Done D:\EDA\dvt_eclipse\predefined_projects\libs\uvm-1.2\src\base\uvm_resource_specializations.svh [1 ms, 171 lines, SystemVerilog_2012] ...
Loading (32) D:\EDA\dvt_eclipse\predefined_projects\libs\uvm-1.2\src\base\uvm_resource_db.svh ...
Done D:\EDA\dvt_eclipse\predefined_projects\libs\uvm-1.2\src\base\uvm_resource_db.svh [1 ms, 400 lines, SystemVerilog_2012] ...
Loading (33) D:\EDA\dvt_eclipse\predefined_projects\libs\uvm-1.2\src\base\uvm_config_db.svh ...
Done D:\EDA\dvt_eclipse\predefined_projects\libs\uvm-1.2\src\base\uvm_config_db.svh [0 ms, 411 lines, SystemVerilog_2012] ...
Loading (34) D:\EDA\dvt_eclipse\predefined_projects\libs\uvm-1.2\src\base\uvm_printer.svh ...
Done D:\EDA\dvt_eclipse\predefined_projects\libs\uvm-1.2\src\base\uvm_printer.svh [4 ms, 1232 lines, SystemVerilog_2012] ...
Loading (35) D:\EDA\dvt_eclipse\predefined_projects\libs\uvm-1.2\src\base\uvm_comparer.svh ...
Done D:\EDA\dvt_eclipse\predefined_projects\libs\uvm-1.2\src\base\uvm_comparer.svh [1 ms, 423 lines, SystemVerilog_2012] ...
Loading (36) D:\EDA\dvt_eclipse\predefined_projects\libs\uvm-1.2\src\base\uvm_packer.svh ...
Done D:\EDA\dvt_eclipse\predefined_projects\libs\uvm-1.2\src\base\uvm_packer.svh [3 ms, 1038 lines, SystemVerilog_2012] ...
Loading (37) D:\EDA\dvt_eclipse\predefined_projects\libs\uvm-1.2\src\base\uvm_links.svh ...
Done D:\EDA\dvt_eclipse\predefined_projects\libs\uvm-1.2\src\base\uvm_links.svh [1 ms, 371 lines, SystemVerilog_2012] ...
Loading (38) D:\EDA\dvt_eclipse\predefined_projects\libs\uvm-1.2\src\base\uvm_tr_database.svh ...
Done D:\EDA\dvt_eclipse\predefined_projects\libs\uvm-1.2\src\base\uvm_tr_database.svh [1 ms, 433 lines, SystemVerilog_2012] ...
Loading (39) D:\EDA\dvt_eclipse\predefined_projects\libs\uvm-1.2\src\base\uvm_tr_stream.svh ...
Done D:\EDA\dvt_eclipse\predefined_projects\libs\uvm-1.2\src\base\uvm_tr_stream.svh [1 ms, 592 lines, SystemVerilog_2012] ...
Loading (40) D:\EDA\dvt_eclipse\predefined_projects\libs\uvm-1.2\src\base\uvm_recorder.svh ...
Done D:\EDA\dvt_eclipse\predefined_projects\libs\uvm-1.2\src\base\uvm_recorder.svh [2 ms, 1141 lines, SystemVerilog_2012] ...
Loading (41) D:\EDA\dvt_eclipse\predefined_projects\libs\uvm-1.2\src\base\uvm_event_callback.svh ...
Done D:\EDA\dvt_eclipse\predefined_projects\libs\uvm-1.2\src\base\uvm_event_callback.svh [0 ms, 91 lines, SystemVerilog_2012] ...
Loading (42) D:\EDA\dvt_eclipse\predefined_projects\libs\uvm-1.2\src\base\uvm_event.svh ...
Done D:\EDA\dvt_eclipse\predefined_projects\libs\uvm-1.2\src\base\uvm_event.svh [1 ms, 395 lines, SystemVerilog_2012] ...
Loading (43) D:\EDA\dvt_eclipse\predefined_projects\libs\uvm-1.2\src\base\uvm_barrier.svh ...
Done D:\EDA\dvt_eclipse\predefined_projects\libs\uvm-1.2\src\base\uvm_barrier.svh [0 ms, 210 lines, SystemVerilog_2012] ...
Loading (44) D:\EDA\dvt_eclipse\predefined_projects\libs\uvm-1.2\src\base\uvm_callback.svh ...
Loading (45) D:\EDA\dvt_eclipse\predefined_projects\libs\uvm-1.2\src\uvm_macros.svh ...
Done D:\EDA\dvt_eclipse\predefined_projects\libs\uvm-1.2\src\uvm_macros.svh [0 ms, 82 lines, SystemVerilog_2012] ...
Done D:\EDA\dvt_eclipse\predefined_projects\libs\uvm-1.2\src\base\uvm_callback.svh [4 ms, 1199 lines, SystemVerilog_2012] ...
Loading (46) D:\EDA\dvt_eclipse\predefined_projects\libs\uvm-1.2\src\base\uvm_report_message.svh ...
Done D:\EDA\dvt_eclipse\predefined_projects\libs\uvm-1.2\src\base\uvm_report_message.svh [2 ms, 940 lines, SystemVerilog_2012] ...
Loading (47) D:\EDA\dvt_eclipse\predefined_projects\libs\uvm-1.2\src\base\uvm_report_catcher.svh ...
Done D:\EDA\dvt_eclipse\predefined_projects\libs\uvm-1.2\src\base\uvm_report_catcher.svh [1 ms, 713 lines, SystemVerilog_2012] ...
Loading (48) D:\EDA\dvt_eclipse\predefined_projects\libs\uvm-1.2\src\base\uvm_report_server.svh ...
Done D:\EDA\dvt_eclipse\predefined_projects\libs\uvm-1.2\src\base\uvm_report_server.svh [2 ms, 923 lines, SystemVerilog_2012] ...
Loading (49) D:\EDA\dvt_eclipse\predefined_projects\libs\uvm-1.2\src\base\uvm_report_handler.svh ...
Done D:\EDA\dvt_eclipse\predefined_projects\libs\uvm-1.2\src\base\uvm_report_handler.svh [3 ms, 801 lines, SystemVerilog_2012] ...
Loading (50) D:\EDA\dvt_eclipse\predefined_projects\libs\uvm-1.2\src\base\uvm_report_object.svh ...
Done D:\EDA\dvt_eclipse\predefined_projects\libs\uvm-1.2\src\base\uvm_report_object.svh [1 ms, 660 lines, SystemVerilog_2012] ...
Loading (51) D:\EDA\dvt_eclipse\predefined_projects\libs\uvm-1.2\src\base\uvm_transaction.svh ...
Done D:\EDA\dvt_eclipse\predefined_projects\libs\uvm-1.2\src\base\uvm_transaction.svh [1 ms, 781 lines, SystemVerilog_2012] ...
Loading (52) D:\EDA\dvt_eclipse\predefined_projects\libs\uvm-1.2\src\base\uvm_phase.svh ...
Done D:\EDA\dvt_eclipse\predefined_projects\libs\uvm-1.2\src\base\uvm_phase.svh [6 ms, 2254 lines, SystemVerilog_2012] ...
Loading (53) D:\EDA\dvt_eclipse\predefined_projects\libs\uvm-1.2\src\base\uvm_domain.svh ...
Done D:\EDA\dvt_eclipse\predefined_projects\libs\uvm-1.2\src\base\uvm_domain.svh [0 ms, 219 lines, SystemVerilog_2012] ...
Loading (54) D:\EDA\dvt_eclipse\predefined_projects\libs\uvm-1.2\src\base\uvm_bottomup_phase.svh ...
Done D:\EDA\dvt_eclipse\predefined_projects\libs\uvm-1.2\src\base\uvm_bottomup_phase.svh [1 ms, 113 lines, SystemVerilog_2012] ...
Loading (55) D:\EDA\dvt_eclipse\predefined_projects\libs\uvm-1.2\src\base\uvm_topdown_phase.svh ...
Done D:\EDA\dvt_eclipse\predefined_projects\libs\uvm-1.2\src\base\uvm_topdown_phase.svh [0 ms, 115 lines, SystemVerilog_2012] ...
Loading (56) D:\EDA\dvt_eclipse\predefined_projects\libs\uvm-1.2\src\base\uvm_task_phase.svh ...
Done D:\EDA\dvt_eclipse\predefined_projects\libs\uvm-1.2\src\base\uvm_task_phase.svh [17 ms, 162 lines, SystemVerilog_2012] ...
Loading (57) D:\EDA\dvt_eclipse\predefined_projects\libs\uvm-1.2\src\base\uvm_common_phases.svh ...
Done D:\EDA\dvt_eclipse\predefined_projects\libs\uvm-1.2\src\base\uvm_common_phases.svh [1 ms, 452 lines, SystemVerilog_2012] ...
Loading (58) D:\EDA\dvt_eclipse\predefined_projects\libs\uvm-1.2\src\base\uvm_runtime_phases.svh ...
Done D:\EDA\dvt_eclipse\predefined_projects\libs\uvm-1.2\src\base\uvm_runtime_phases.svh [0 ms, 556 lines, SystemVerilog_2012] ...
Loading (59) D:\EDA\dvt_eclipse\predefined_projects\libs\uvm-1.2\src\base\uvm_component.svh ...
Loading (60) D:\EDA\dvt_eclipse\predefined_projects\libs\uvm-1.2\src\base\uvm_root.svh ...
Done D:\EDA\dvt_eclipse\predefined_projects\libs\uvm-1.2\src\base\uvm_root.svh [3 ms, 1073 lines, SystemVerilog_2012] ...
Done D:\EDA\dvt_eclipse\predefined_projects\libs\uvm-1.2\src\base\uvm_component.svh [8 ms, 3639 lines, SystemVerilog_2012] ...
Loading (61) D:\EDA\dvt_eclipse\predefined_projects\libs\uvm-1.2\src\base\uvm_objection.svh ...
Done D:\EDA\dvt_eclipse\predefined_projects\libs\uvm-1.2\src\base\uvm_objection.svh [4 ms, 1454 lines, SystemVerilog_2012] ...
Loading (62) D:\EDA\dvt_eclipse\predefined_projects\libs\uvm-1.2\src\base\uvm_heartbeat.svh ...
Done D:\EDA\dvt_eclipse\predefined_projects\libs\uvm-1.2\src\base\uvm_heartbeat.svh [1 ms, 342 lines, SystemVerilog_2012] ...
Loading (63) D:\EDA\dvt_eclipse\predefined_projects\libs\uvm-1.2\src\base\uvm_globals.svh ...
Done D:\EDA\dvt_eclipse\predefined_projects\libs\uvm-1.2\src\base\uvm_globals.svh [2 ms, 565 lines, SystemVerilog_2012] ...
Loading (64) D:\EDA\dvt_eclipse\predefined_projects\libs\uvm-1.2\src\base\uvm_cmdline_processor.svh ...
Done D:\EDA\dvt_eclipse\predefined_projects\libs\uvm-1.2\src\base\uvm_cmdline_processor.svh [0 ms, 462 lines, SystemVerilog_2012] ...
Loading (65) D:\EDA\dvt_eclipse\predefined_projects\libs\uvm-1.2\src\base\uvm_traversal.svh ...
Done D:\EDA\dvt_eclipse\predefined_projects\libs\uvm-1.2\src\base\uvm_traversal.svh [1 ms, 289 lines, SystemVerilog_2012] ...
Done D:\EDA\dvt_eclipse\predefined_projects\libs\uvm-1.2\src\base\uvm_base.svh [2 ms, 113 lines, SystemVerilog_2012] ...
Loading (66) D:\EDA\dvt_eclipse\predefined_projects\libs\uvm-1.2\src\dap\uvm_dap.svh ...
Loading (67) D:\EDA\dvt_eclipse\predefined_projects\libs\uvm-1.2\src\dap\uvm_set_get_dap_base.svh ...
Done D:\EDA\dvt_eclipse\predefined_projects\libs\uvm-1.2\src\dap\uvm_set_get_dap_base.svh [0 ms, 84 lines, SystemVerilog_2012] ...
Loading (68) D:\EDA\dvt_eclipse\predefined_projects\libs\uvm-1.2\src\dap\uvm_simple_lock_dap.svh ...
Done D:\EDA\dvt_eclipse\predefined_projects\libs\uvm-1.2\src\dap\uvm_simple_lock_dap.svh [0 ms, 179 lines, SystemVerilog_2012] ...
Loading (69) D:\EDA\dvt_eclipse\predefined_projects\libs\uvm-1.2\src\dap\uvm_get_to_lock_dap.svh ...
Done D:\EDA\dvt_eclipse\predefined_projects\libs\uvm-1.2\src\dap\uvm_get_to_lock_dap.svh [1 ms, 155 lines, SystemVerilog_2012] ...
Loading (70) D:\EDA\dvt_eclipse\predefined_projects\libs\uvm-1.2\src\dap\uvm_set_before_get_dap.svh ...
Done D:\EDA\dvt_eclipse\predefined_projects\libs\uvm-1.2\src\dap\uvm_set_before_get_dap.svh [1 ms, 185 lines, SystemVerilog_2012] ...
Done D:\EDA\dvt_eclipse\predefined_projects\libs\uvm-1.2\src\dap\uvm_dap.svh [0 ms, 35 lines, SystemVerilog_2012] ...
Loading (71) D:\EDA\dvt_eclipse\predefined_projects\libs\uvm-1.2\src\tlm1\uvm_tlm.svh ...
Loading (72) D:\EDA\dvt_eclipse\predefined_projects\libs\uvm-1.2\src\tlm1\uvm_tlm_ifs.svh ...
Done D:\EDA\dvt_eclipse\predefined_projects\libs\uvm-1.2\src\tlm1\uvm_tlm_ifs.svh [0 ms, 219 lines, SystemVerilog_2012] ...
Loading (73) D:\EDA\dvt_eclipse\predefined_projects\libs\uvm-1.2\src\tlm1\uvm_sqr_ifs.svh ...
Done D:\EDA\dvt_eclipse\predefined_projects\libs\uvm-1.2\src\tlm1\uvm_sqr_ifs.svh [0 ms, 253 lines, SystemVerilog_2012] ...
Loading (74) D:\EDA\dvt_eclipse\predefined_projects\libs\uvm-1.2\src\base\uvm_port_base.svh ...
Done D:\EDA\dvt_eclipse\predefined_projects\libs\uvm-1.2\src\base\uvm_port_base.svh [2 ms, 793 lines, SystemVerilog_2012] ...
Loading (75) D:\EDA\dvt_eclipse\predefined_projects\libs\uvm-1.2\src\tlm1\uvm_tlm_imps.svh ...
Done D:\EDA\dvt_eclipse\predefined_projects\libs\uvm-1.2\src\tlm1\uvm_tlm_imps.svh [0 ms, 229 lines, SystemVerilog_2012] ...
Loading (76) D:\EDA\dvt_eclipse\predefined_projects\libs\uvm-1.2\src\tlm1\uvm_imps.svh ...
Done D:\EDA\dvt_eclipse\predefined_projects\libs\uvm-1.2\src\tlm1\uvm_imps.svh [2 ms, 317 lines, SystemVerilog_2012] ...
Loading (77) D:\EDA\dvt_eclipse\predefined_projects\libs\uvm-1.2\src\tlm1\uvm_ports.svh ...
Done D:\EDA\dvt_eclipse\predefined_projects\libs\uvm-1.2\src\tlm1\uvm_ports.svh [3 ms, 263 lines, SystemVerilog_2012] ...
Loading (78) D:\EDA\dvt_eclipse\predefined_projects\libs\uvm-1.2\src\tlm1\uvm_exports.svh ...
Done D:\EDA\dvt_eclipse\predefined_projects\libs\uvm-1.2\src\tlm1\uvm_exports.svh [15 ms, 260 lines, SystemVerilog_2012] ...
Loading (79) D:\EDA\dvt_eclipse\predefined_projects\libs\uvm-1.2\src\tlm1\uvm_analysis_port.svh ...
Done D:\EDA\dvt_eclipse\predefined_projects\libs\uvm-1.2\src\tlm1\uvm_analysis_port.svh [0 ms, 156 lines, SystemVerilog_2012] ...
Loading (80) D:\EDA\dvt_eclipse\predefined_projects\libs\uvm-1.2\src\tlm1\uvm_tlm_fifo_base.svh ...
Done D:\EDA\dvt_eclipse\predefined_projects\libs\uvm-1.2\src\tlm1\uvm_tlm_fifo_base.svh [12 ms, 253 lines, SystemVerilog_2012] ...
Loading (81) D:\EDA\dvt_eclipse\predefined_projects\libs\uvm-1.2\src\tlm1\uvm_tlm_fifos.svh ...
Done D:\EDA\dvt_eclipse\predefined_projects\libs\uvm-1.2\src\tlm1\uvm_tlm_fifos.svh [1 ms, 239 lines, SystemVerilog_2012] ...
Loading (82) D:\EDA\dvt_eclipse\predefined_projects\libs\uvm-1.2\src\tlm1\uvm_tlm_req_rsp.svh ...
Done D:\EDA\dvt_eclipse\predefined_projects\libs\uvm-1.2\src\tlm1\uvm_tlm_req_rsp.svh [0 ms, 349 lines, SystemVerilog_2012] ...
Loading (83) D:\EDA\dvt_eclipse\predefined_projects\libs\uvm-1.2\src\tlm1\uvm_sqr_connections.svh ...
Done D:\EDA\dvt_eclipse\predefined_projects\libs\uvm-1.2\src\tlm1\uvm_sqr_connections.svh [1 ms, 84 lines, SystemVerilog_2012] ...
Done D:\EDA\dvt_eclipse\predefined_projects\libs\uvm-1.2\src\tlm1\uvm_tlm.svh [0 ms, 40 lines, SystemVerilog_2012] ...
Loading (84) D:\EDA\dvt_eclipse\predefined_projects\libs\uvm-1.2\src\comps\uvm_comps.svh ...
Loading (85) D:\EDA\dvt_eclipse\predefined_projects\libs\uvm-1.2\src\comps\uvm_pair.svh ...
Done D:\EDA\dvt_eclipse\predefined_projects\libs\uvm-1.2\src\comps\uvm_pair.svh [1 ms, 171 lines, SystemVerilog_2012] ...
Loading (86) D:\EDA\dvt_eclipse\predefined_projects\libs\uvm-1.2\src\comps\uvm_policies.svh ...
Done D:\EDA\dvt_eclipse\predefined_projects\libs\uvm-1.2\src\comps\uvm_policies.svh [0 ms, 142 lines, SystemVerilog_2012] ...
Loading (87) D:\EDA\dvt_eclipse\predefined_projects\libs\uvm-1.2\src\comps\uvm_in_order_comparator.svh ...
Done D:\EDA\dvt_eclipse\predefined_projects\libs\uvm-1.2\src\comps\uvm_in_order_comparator.svh [0 ms, 260 lines, SystemVerilog_2012] ...
Loading (88) D:\EDA\dvt_eclipse\predefined_projects\libs\uvm-1.2\src\comps\uvm_algorithmic_comparator.svh ...
Done D:\EDA\dvt_eclipse\predefined_projects\libs\uvm-1.2\src\comps\uvm_algorithmic_comparator.svh [1 ms, 135 lines, SystemVerilog_2012] ...
Loading (89) D:\EDA\dvt_eclipse\predefined_projects\libs\uvm-1.2\src\comps\uvm_random_stimulus.svh ...
Done D:\EDA\dvt_eclipse\predefined_projects\libs\uvm-1.2\src\comps\uvm_random_stimulus.svh [0 ms, 132 lines, SystemVerilog_2012] ...
Loading (90) D:\EDA\dvt_eclipse\predefined_projects\libs\uvm-1.2\src\comps\uvm_subscriber.svh ...
Done D:\EDA\dvt_eclipse\predefined_projects\libs\uvm-1.2\src\comps\uvm_subscriber.svh [0 ms, 68 lines, SystemVerilog_2012] ...
Loading (91) D:\EDA\dvt_eclipse\predefined_projects\libs\uvm-1.2\src\comps\uvm_monitor.svh ...
Done D:\EDA\dvt_eclipse\predefined_projects\libs\uvm-1.2\src\comps\uvm_monitor.svh [0 ms, 54 lines, SystemVerilog_2012] ...
Loading (92) D:\EDA\dvt_eclipse\predefined_projects\libs\uvm-1.2\src\comps\uvm_driver.svh ...
Done D:\EDA\dvt_eclipse\predefined_projects\libs\uvm-1.2\src\comps\uvm_driver.svh [0 ms, 89 lines, SystemVerilog_2012] ...
Loading (93) D:\EDA\dvt_eclipse\predefined_projects\libs\uvm-1.2\src\comps\uvm_push_driver.svh ...
Done D:\EDA\dvt_eclipse\predefined_projects\libs\uvm-1.2\src\comps\uvm_push_driver.svh [1 ms, 97 lines, SystemVerilog_2012] ...
Loading (94) D:\EDA\dvt_eclipse\predefined_projects\libs\uvm-1.2\src\comps\uvm_scoreboard.svh ...
Done D:\EDA\dvt_eclipse\predefined_projects\libs\uvm-1.2\src\comps\uvm_scoreboard.svh [0 ms, 56 lines, SystemVerilog_2012] ...
Loading (95) D:\EDA\dvt_eclipse\predefined_projects\libs\uvm-1.2\src\comps\uvm_agent.svh ...
Done D:\EDA\dvt_eclipse\predefined_projects\libs\uvm-1.2\src\comps\uvm_agent.svh [0 ms, 136 lines, SystemVerilog_2012] ...
Loading (96) D:\EDA\dvt_eclipse\predefined_projects\libs\uvm-1.2\src\comps\uvm_env.svh ...
Done D:\EDA\dvt_eclipse\predefined_projects\libs\uvm-1.2\src\comps\uvm_env.svh [0 ms, 54 lines, SystemVerilog_2012] ...
Loading (97) D:\EDA\dvt_eclipse\predefined_projects\libs\uvm-1.2\src\comps\uvm_test.svh ...
Done D:\EDA\dvt_eclipse\predefined_projects\libs\uvm-1.2\src\comps\uvm_test.svh [0 ms, 82 lines, SystemVerilog_2012] ...
Done D:\EDA\dvt_eclipse\predefined_projects\libs\uvm-1.2\src\comps\uvm_comps.svh [0 ms, 37 lines, SystemVerilog_2012] ...
Loading (98) D:\EDA\dvt_eclipse\predefined_projects\libs\uvm-1.2\src\seq\uvm_seq.svh ...
Loading (99) D:\EDA\dvt_eclipse\predefined_projects\libs\uvm-1.2\src\seq\uvm_sequence_item.svh ...
Done D:\EDA\dvt_eclipse\predefined_projects\libs\uvm-1.2\src\seq\uvm_sequence_item.svh [1 ms, 498 lines, SystemVerilog_2012] ...
Loading (100) D:\EDA\dvt_eclipse\predefined_projects\libs\uvm-1.2\src\seq\uvm_sequencer_base.svh ...
Done D:\EDA\dvt_eclipse\predefined_projects\libs\uvm-1.2\src\seq\uvm_sequencer_base.svh [6 ms, 1775 lines, SystemVerilog_2012] ...
Loading (101) D:\EDA\dvt_eclipse\predefined_projects\libs\uvm-1.2\src\seq\uvm_sequencer_analysis_fifo.svh ...
Done D:\EDA\dvt_eclipse\predefined_projects\libs\uvm-1.2\src\seq\uvm_sequencer_analysis_fifo.svh [0 ms, 39 lines, SystemVerilog_2012] ...
Loading (102) D:\EDA\dvt_eclipse\predefined_projects\libs\uvm-1.2\src\seq\uvm_sequencer_param_base.svh ...
Done D:\EDA\dvt_eclipse\predefined_projects\libs\uvm-1.2\src\seq\uvm_sequencer_param_base.svh [1 ms, 460 lines, SystemVerilog_2012] ...
Loading (103) D:\EDA\dvt_eclipse\predefined_projects\libs\uvm-1.2\src\seq\uvm_sequencer.svh ...
Done D:\EDA\dvt_eclipse\predefined_projects\libs\uvm-1.2\src\seq\uvm_sequencer.svh [0 ms, 347 lines, SystemVerilog_2012] ...
Loading (104) D:\EDA\dvt_eclipse\predefined_projects\libs\uvm-1.2\src\seq\uvm_push_sequencer.svh ...
Done D:\EDA\dvt_eclipse\predefined_projects\libs\uvm-1.2\src\seq\uvm_push_sequencer.svh [0 ms, 85 lines, SystemVerilog_2012] ...
Loading (105) D:\EDA\dvt_eclipse\predefined_projects\libs\uvm-1.2\src\seq\uvm_sequence_base.svh ...
Done D:\EDA\dvt_eclipse\predefined_projects\libs\uvm-1.2\src\seq\uvm_sequence_base.svh [4 ms, 1405 lines, SystemVerilog_2012] ...
Loading (106) D:\EDA\dvt_eclipse\predefined_projects\libs\uvm-1.2\src\seq\uvm_sequence.svh ...
Done D:\EDA\dvt_eclipse\predefined_projects\libs\uvm-1.2\src\seq\uvm_sequence.svh [0 ms, 148 lines, SystemVerilog_2012] ...
Loading (107) D:\EDA\dvt_eclipse\predefined_projects\libs\uvm-1.2\src\seq\uvm_sequence_library.svh ...
Done D:\EDA\dvt_eclipse\predefined_projects\libs\uvm-1.2\src\seq\uvm_sequence_library.svh [3 ms, 813 lines, SystemVerilog_2012] ...
Loading (108) D:\EDA\dvt_eclipse\predefined_projects\libs\uvm-1.2\src\seq\uvm_sequence_builtin.svh ...
Done D:\EDA\dvt_eclipse\predefined_projects\libs\uvm-1.2\src\seq\uvm_sequence_builtin.svh [1 ms, 301 lines, SystemVerilog_2012] ...
Done D:\EDA\dvt_eclipse\predefined_projects\libs\uvm-1.2\src\seq\uvm_seq.svh [0 ms, 40 lines, SystemVerilog_2012] ...
Loading (109) D:\EDA\dvt_eclipse\predefined_projects\libs\uvm-1.2\src\tlm2\uvm_tlm2.svh ...
Loading (110) D:\EDA\dvt_eclipse\predefined_projects\libs\uvm-1.2\src\tlm2\uvm_tlm2_defines.svh ...
Done D:\EDA\dvt_eclipse\predefined_projects\libs\uvm-1.2\src\tlm2\uvm_tlm2_defines.svh [0 ms, 45 lines, SystemVerilog_2012] ...
Loading (111) D:\EDA\dvt_eclipse\predefined_projects\libs\uvm-1.2\src\tlm2\uvm_tlm2_time.svh ...
Done D:\EDA\dvt_eclipse\predefined_projects\libs\uvm-1.2\src\tlm2\uvm_tlm2_time.svh [1 ms, 333 lines, SystemVerilog_2012] ...
Loading (112) D:\EDA\dvt_eclipse\predefined_projects\libs\uvm-1.2\src\tlm2\uvm_tlm2_generic_payload.svh ...
Done D:\EDA\dvt_eclipse\predefined_projects\libs\uvm-1.2\src\tlm2\uvm_tlm2_generic_payload.svh [4 ms, 1053 lines, SystemVerilog_2012] ...
Loading (113) D:\EDA\dvt_eclipse\predefined_projects\libs\uvm-1.2\src\tlm2\uvm_tlm2_ifs.svh ...
Done D:\EDA\dvt_eclipse\predefined_projects\libs\uvm-1.2\src\tlm2\uvm_tlm2_ifs.svh [0 ms, 178 lines, SystemVerilog_2012] ...
Loading (114) D:\EDA\dvt_eclipse\predefined_projects\libs\uvm-1.2\src\tlm2\uvm_tlm2_imps.svh ...
Done D:\EDA\dvt_eclipse\predefined_projects\libs\uvm-1.2\src\tlm2\uvm_tlm2_imps.svh [1 ms, 203 lines, SystemVerilog_2012] ...
Loading (115) D:\EDA\dvt_eclipse\predefined_projects\libs\uvm-1.2\src\tlm2\uvm_tlm2_ports.svh ...
Done D:\EDA\dvt_eclipse\predefined_projects\libs\uvm-1.2\src\tlm2\uvm_tlm2_ports.svh [0 ms, 75 lines, SystemVerilog_2012] ...
Loading (116) D:\EDA\dvt_eclipse\predefined_projects\libs\uvm-1.2\src\tlm2\uvm_tlm2_exports.svh ...
Done D:\EDA\dvt_eclipse\predefined_projects\libs\uvm-1.2\src\tlm2\uvm_tlm2_exports.svh [0 ms, 65 lines, SystemVerilog_2012] ...
Loading (117) D:\EDA\dvt_eclipse\predefined_projects\libs\uvm-1.2\src\tlm2\uvm_tlm2_sockets_base.svh ...
Done D:\EDA\dvt_eclipse\predefined_projects\libs\uvm-1.2\src\tlm2\uvm_tlm2_sockets_base.svh [1 ms, 195 lines, SystemVerilog_2012] ...
Loading (118) D:\EDA\dvt_eclipse\predefined_projects\libs\uvm-1.2\src\tlm2\uvm_tlm2_sockets.svh ...
Done D:\EDA\dvt_eclipse\predefined_projects\libs\uvm-1.2\src\tlm2\uvm_tlm2_sockets.svh [1 ms, 435 lines, SystemVerilog_2012] ...
Done D:\EDA\dvt_eclipse\predefined_projects\libs\uvm-1.2\src\tlm2\uvm_tlm2.svh [0 ms, 30 lines, SystemVerilog_2012] ...
Loading (119) D:\EDA\dvt_eclipse\predefined_projects\libs\uvm-1.2\src\reg\uvm_reg_model.svh ...
Loading (120) D:\EDA\dvt_eclipse\predefined_projects\libs\uvm-1.2\src\reg\uvm_reg_item.svh ...
Done D:\EDA\dvt_eclipse\predefined_projects\libs\uvm-1.2\src\reg\uvm_reg_item.svh [1 ms, 316 lines, SystemVerilog_2012] ...
Loading (121) D:\EDA\dvt_eclipse\predefined_projects\libs\uvm-1.2\src\reg\uvm_reg_adapter.svh ...
Done D:\EDA\dvt_eclipse\predefined_projects\libs\uvm-1.2\src\reg\uvm_reg_adapter.svh [0 ms, 254 lines, SystemVerilog_2012] ...
Loading (122) D:\EDA\dvt_eclipse\predefined_projects\libs\uvm-1.2\src\reg\uvm_reg_predictor.svh ...
Done D:\EDA\dvt_eclipse\predefined_projects\libs\uvm-1.2\src\reg\uvm_reg_predictor.svh [1 ms, 265 lines, SystemVerilog_2012] ...
Loading (123) D:\EDA\dvt_eclipse\predefined_projects\libs\uvm-1.2\src\reg\uvm_reg_sequence.svh ...
Done D:\EDA\dvt_eclipse\predefined_projects\libs\uvm-1.2\src\reg\uvm_reg_sequence.svh [18 ms, 548 lines, SystemVerilog_2012] ...
Loading (124) D:\EDA\dvt_eclipse\predefined_projects\libs\uvm-1.2\src\reg\uvm_reg_cbs.svh ...
Done D:\EDA\dvt_eclipse\predefined_projects\libs\uvm-1.2\src\reg\uvm_reg_cbs.svh [1 ms, 530 lines, SystemVerilog_2012] ...
Loading (125) D:\EDA\dvt_eclipse\predefined_projects\libs\uvm-1.2\src\reg\uvm_reg_backdoor.svh ...
Done D:\EDA\dvt_eclipse\predefined_projects\libs\uvm-1.2\src\reg\uvm_reg_backdoor.svh [1 ms, 348 lines, SystemVerilog_2012] ...
Loading (126) D:\EDA\dvt_eclipse\predefined_projects\libs\uvm-1.2\src\reg\uvm_reg_field.svh ...
Done D:\EDA\dvt_eclipse\predefined_projects\libs\uvm-1.2\src\reg\uvm_reg_field.svh [4 ms, 2013 lines, SystemVerilog_2012] ...
Loading (127) D:\EDA\dvt_eclipse\predefined_projects\libs\uvm-1.2\src\reg\uvm_vreg_field.svh ...
Done D:\EDA\dvt_eclipse\predefined_projects\libs\uvm-1.2\src\reg\uvm_vreg_field.svh [3 ms, 1005 lines, SystemVerilog_2012] ...
Loading (128) D:\EDA\dvt_eclipse\predefined_projects\libs\uvm-1.2\src\reg\uvm_reg.svh ...
Done D:\EDA\dvt_eclipse\predefined_projects\libs\uvm-1.2\src\reg\uvm_reg.svh [7 ms, 3102 lines, SystemVerilog_2012] ...
Loading (129) D:\EDA\dvt_eclipse\predefined_projects\libs\uvm-1.2\src\reg\uvm_reg_indirect.svh ...
Done D:\EDA\dvt_eclipse\predefined_projects\libs\uvm-1.2\src\reg\uvm_reg_indirect.svh [1 ms, 330 lines, SystemVerilog_2012] ...
Loading (130) D:\EDA\dvt_eclipse\predefined_projects\libs\uvm-1.2\src\reg\uvm_reg_fifo.svh ...
Done D:\EDA\dvt_eclipse\predefined_projects\libs\uvm-1.2\src\reg\uvm_reg_fifo.svh [1 ms, 311 lines, SystemVerilog_2012] ...
Loading (131) D:\EDA\dvt_eclipse\predefined_projects\libs\uvm-1.2\src\reg\uvm_reg_file.svh ...
Done D:\EDA\dvt_eclipse\predefined_projects\libs\uvm-1.2\src\reg\uvm_reg_file.svh [1 ms, 501 lines, SystemVerilog_2012] ...
Loading (132) D:\EDA\dvt_eclipse\predefined_projects\libs\uvm-1.2\src\reg\uvm_mem_mam.svh ...
Done D:\EDA\dvt_eclipse\predefined_projects\libs\uvm-1.2\src\reg\uvm_mem_mam.svh [2 ms, 1019 lines, SystemVerilog_2012] ...
Loading (133) D:\EDA\dvt_eclipse\predefined_projects\libs\uvm-1.2\src\reg\uvm_vreg.svh ...
Done D:\EDA\dvt_eclipse\predefined_projects\libs\uvm-1.2\src\reg\uvm_vreg.svh [4 ms, 1554 lines, SystemVerilog_2012] ...
Loading (134) D:\EDA\dvt_eclipse\predefined_projects\libs\uvm-1.2\src\reg\uvm_mem.svh ...
Done D:\EDA\dvt_eclipse\predefined_projects\libs\uvm-1.2\src\reg\uvm_mem.svh [6 ms, 2410 lines, SystemVerilog_2012] ...
Loading (135) D:\EDA\dvt_eclipse\predefined_projects\libs\uvm-1.2\src\reg\uvm_reg_map.svh ...
Done D:\EDA\dvt_eclipse\predefined_projects\libs\uvm-1.2\src\reg\uvm_reg_map.svh [19 ms, 2225 lines, SystemVerilog_2012] ...
Loading (136) D:\EDA\dvt_eclipse\predefined_projects\libs\uvm-1.2\src\reg\uvm_reg_block.svh ...
Done D:\EDA\dvt_eclipse\predefined_projects\libs\uvm-1.2\src\reg\uvm_reg_block.svh [4 ms, 2272 lines, SystemVerilog_2012] ...
Loading (137) D:\EDA\dvt_eclipse\predefined_projects\libs\uvm-1.2\src\reg\sequences\uvm_reg_hw_reset_seq.svh ...
Done D:\EDA\dvt_eclipse\predefined_projects\libs\uvm-1.2\src\reg\sequences\uvm_reg_hw_reset_seq.svh [1 ms, 172 lines, SystemVerilog_2012] ...
Loading (138) D:\EDA\dvt_eclipse\predefined_projects\libs\uvm-1.2\src\reg\sequences\uvm_reg_bit_bash_seq.svh ...
Done D:\EDA\dvt_eclipse\predefined_projects\libs\uvm-1.2\src\reg\sequences\uvm_reg_bit_bash_seq.svh [1 ms, 303 lines, SystemVerilog_2012] ...
Loading (139) D:\EDA\dvt_eclipse\predefined_projects\libs\uvm-1.2\src\reg\sequences\uvm_mem_walk_seq.svh ...
Done D:\EDA\dvt_eclipse\predefined_projects\libs\uvm-1.2\src\reg\sequences\uvm_mem_walk_seq.svh [1 ms, 300 lines, SystemVerilog_2012] ...
Loading (140) D:\EDA\dvt_eclipse\predefined_projects\libs\uvm-1.2\src\reg\sequences\uvm_mem_access_seq.svh ...
Done D:\EDA\dvt_eclipse\predefined_projects\libs\uvm-1.2\src\reg\sequences\uvm_mem_access_seq.svh [2 ms, 308 lines, SystemVerilog_2012] ...
Loading (141) D:\EDA\dvt_eclipse\predefined_projects\libs\uvm-1.2\src\reg\sequences\uvm_reg_access_seq.svh ...
Done D:\EDA\dvt_eclipse\predefined_projects\libs\uvm-1.2\src\reg\sequences\uvm_reg_access_seq.svh [1 ms, 366 lines, SystemVerilog_2012] ...
Loading (142) D:\EDA\dvt_eclipse\predefined_projects\libs\uvm-1.2\src\reg\sequences\uvm_reg_mem_shared_access_seq.svh ...
Done D:\EDA\dvt_eclipse\predefined_projects\libs\uvm-1.2\src\reg\sequences\uvm_reg_mem_shared_access_seq.svh [2 ms, 486 lines, SystemVerilog_2012] ...
Loading (143) D:\EDA\dvt_eclipse\predefined_projects\libs\uvm-1.2\src\reg\sequences\uvm_reg_mem_built_in_seq.svh ...
Done D:\EDA\dvt_eclipse\predefined_projects\libs\uvm-1.2\src\reg\sequences\uvm_reg_mem_built_in_seq.svh [1 ms, 139 lines, SystemVerilog_2012] ...
Loading (144) D:\EDA\dvt_eclipse\predefined_projects\libs\uvm-1.2\src\reg\sequences\uvm_reg_mem_hdl_paths_seq.svh ...
Done D:\EDA\dvt_eclipse\predefined_projects\libs\uvm-1.2\src\reg\sequences\uvm_reg_mem_hdl_paths_seq.svh [1 ms, 175 lines, SystemVerilog_2012] ...
Done D:\EDA\dvt_eclipse\predefined_projects\libs\uvm-1.2\src\reg\uvm_reg_model.svh [11 ms, 444 lines, SystemVerilog_2012] ...
Done D:\EDA\dvt_eclipse\predefined_projects\libs\uvm-1.2\src\uvm_pkg.sv [0 ms, 43 lines, SystemVerilog_2012] ...
Loading (145) D:\workSpace\uvm_space\uvm_questa\tb\sim_top.sv ...
Optimizing (146) D:\EDA\dvt_eclipse\predefined_projects\libs\uvm-1.2\src\uvm_macros.svh ...
Loading (147) D:\workSpace\uvm_space\uvm_questa\tc\base_test.sv ...
Done D:\workSpace\uvm_space\uvm_questa\tc\base_test.sv [0 ms, 19 lines, SystemVerilog_2012] ...
Loading (148) D:\workSpace\uvm_space\uvm_questa\tc\uvm_phase_test__v0.sv ...
Done D:\workSpace\uvm_space\uvm_questa\tc\uvm_phase_test__v0.sv [0 ms, 111 lines, SystemVerilog_2012] ...
Done D:\workSpace\uvm_space\uvm_questa\tb\sim_top.sv [0 ms, 23 lines, SystemVerilog_2012] ...
Loading (149) D:\workSpace\uvm_space\uvm_questa\tc\uvm_phase_test__v1.sv ...
Done D:\workSpace\uvm_space\uvm_questa\tc\uvm_phase_test__v1.sv [0 ms, 20 lines, SystemVerilog_2012] ...
*** Done invocation #1 [292 ms] ***
*** Done parsing [LT 283 ms, PT 292.0 ms] ***
*** Total number of lines [75 972] ***
*** Warning: SYSTEM_VERILOG_2012: Expecting `endif label 'UVM_CMDLINE_PROCESSOR_SV' found 'UVM_CMDLINE_PROC_PKG_SV'
    at line 460 in D:\EDA\dvt_eclipse\predefined_projects\libs\uvm-1.2\src\base\uvm_cmdline_processor.svh [compile index 1][invocation 1]
Performing post full build actions ...
Performing post full build step 1 (SRI) [0 ms] ...
Performing post full build step 2 (RI) [3 ms] ...
Performing post full build step 3 (RCP) [4 ms] ...
*** Files summary [149 total, 146 unique, 1 optimized] ***
*** Done SystemVerilog build [304 ms] ***

*** Start mixed mode extension build ***
Performing mixed post full build step (VLOG - RI) [2 ms] ...
*** Warning: UNSPECIFIED_TOP: Please specify a -top module/entity/configuration in the project build file
Performing mixed post full build step (MIXED - ELAB) [0 ms] ...
Performing mixed post full build step (MIXED - UNEL) [182 ms] ...
*** Warning: UNELABORATED_MODULE: Module 'work.sim_top' is not elaborated
    at line 11 in D:\workSpace\uvm_space\uvm_questa\tb\sim_top.sv [compile index 145]
*** Error: IMPLICIT_CONSTRUCTOR: Super class constructor 'uvm_test.new' has non-default arguments
    at line 5 in D:\workSpace\uvm_space\uvm_questa\tc\uvm_phase_test__v1.sv [compile index 149]
*** Warning: UNELABORATED_PACKAGE: Package 'work.uvm_pkg' is not elaborated
    at line 28 in D:\EDA\dvt_eclipse\predefined_projects\libs\uvm-1.2\src\uvm_pkg.sv [compile index 1]
*** Warning: CASE_ITEM_SIGNING_MISMATCH: Comparison between case expression 'recording_detail' of unsigned type and item expression 'UVM_LOW' of signed type
    at line 3320 in D:\EDA\dvt_eclipse\predefined_projects\libs\uvm-1.2\src\base\uvm_component.svh [compile index 59]
*** Warning: CASE_ITEM_SIGNING_MISMATCH: Comparison between case expression 'recording_detail' of unsigned type and item expression 'UVM_MEDIUM' of signed type
    at line 3322 in D:\EDA\dvt_eclipse\predefined_projects\libs\uvm-1.2\src\base\uvm_component.svh [compile index 59]
*** Warning: CASE_ITEM_SIGNING_MISMATCH: Comparison between case expression 'recording_detail' of unsigned type and item expression 'UVM_HIGH' of signed type
    at line 3324 in D:\EDA\dvt_eclipse\predefined_projects\libs\uvm-1.2\src\base\uvm_component.svh [compile index 59]
*** Warning: CASE_ITEM_SIGNING_MISMATCH: Comparison between case expression 'recording_detail' of unsigned type and item expression 'UVM_FULL' of signed type
    at line 3326 in D:\EDA\dvt_eclipse\predefined_projects\libs\uvm-1.2\src\base\uvm_component.svh [compile index 59]
Performing mixed post full build step (VLOG - RD) [5 ms] ...
Performing mixed post full build step (VLOG - US) [62 ms] ...
*** Done mixed mode extension build [257 ms] ***
*** Start adding/validating the DVT Auto-Linked resources ***
*** Done adding/validating the DVT Auto-Linked resources [2 ms] ***
*** Total build time [589 ms] ***
